// Vitest Snapshot v1

exports[`deep merge with overlaps snapshot 1`] = `
{
  "accounts": {
    "github": "unknown",
    "twitter": "vinicius",
  },
  "languages": [
    "javascript",
    "typescript",
    "vue",
  ],
  "name": "Vinicius",
}
`;
